------------------------------------------------------------
Timing Analyzer Summary
------------------------------------------------------------

Type  : Slow 1200mV 85C Model Setup 'CLOCK_50'
Slack : -3.195
TNS   : -493.998

Type  : Slow 1200mV 85C Model Hold 'CLOCK_50'
Slack : 0.342
TNS   : 0.000

Type  : Slow 1200mV 85C Model Recovery 'CLOCK_50'
Slack : -2.028
TNS   : -325.335

Type  : Slow 1200mV 85C Model Removal 'CLOCK_50'
Slack : 2.167
TNS   : 0.000

Type  : Slow 1200mV 85C Model Minimum Pulse Width 'CLOCK_50'
Slack : -3.000
TNS   : -296.000

Type  : Slow 1200mV 0C Model Setup 'CLOCK_50'
Slack : -2.766
TNS   : -415.373

Type  : Slow 1200mV 0C Model Hold 'CLOCK_50'
Slack : 0.298
TNS   : 0.000

Type  : Slow 1200mV 0C Model Recovery 'CLOCK_50'
Slack : -1.713
TNS   : -272.454

Type  : Slow 1200mV 0C Model Removal 'CLOCK_50'
Slack : 1.925
TNS   : 0.000

Type  : Slow 1200mV 0C Model Minimum Pulse Width 'CLOCK_50'
Slack : -3.000
TNS   : -296.000

Type  : Fast 1200mV 0C Model Setup 'CLOCK_50'
Slack : -1.414
TNS   : -165.699

Type  : Fast 1200mV 0C Model Hold 'CLOCK_50'
Slack : 0.178
TNS   : 0.000

Type  : Fast 1200mV 0C Model Recovery 'CLOCK_50'
Slack : -0.787
TNS   : -118.112

Type  : Fast 1200mV 0C Model Removal 'CLOCK_50'
Slack : 1.240
TNS   : 0.000

Type  : Fast 1200mV 0C Model Minimum Pulse Width 'CLOCK_50'
Slack : -3.000
TNS   : -383.764

------------------------------------------------------------
